[backblue.gif]
[fade.gif]
[index.html]
[www.traff-industries.de/pictures/traff.gif]
[www.traff-industries.de/pictures/bookcover.jpg]
[www.traff-industries.de/pictures/lncs4192.jpg]
[www.traff-industries.de/pictures/parco-33-9.gif]
[www.traff-industries.de/pictures/lncs4854.jpg]
[www.traff-industries.de/pictures/lncs5415.jpg]
[www.traff-industries.de/pictures/mpi21-fronts.jpg]
[www.traff-industries.de/pictures/mpi22-fronts.jpg]
[www.traff-industries.de/pictures/scientificprog.jpg]
[www.traff-industries.de/pictures/lncs6586.jpg]
[www.traff-industries.de/index.html]
[www.traff-industries.de/pictures/clearspot.jpg]
[www.traff-industries.de/pictures/mempi.jpg]
[www.traff-industries.de/pictures/tumcard.jpg]
[www.traff-industries.de/pictures/Passfotojesper.jpg]
[www.traff-industries.de/pictures/Jesper_Larsson001.jpg]
[www.traff-industries.de/pages/spot.html]
[www.traff-industries.de/pictures/koeln.jpg]
[www.traff-industries.de/pictures/rundel.jpg]
[www.traff-industries.de/pictures/podiatrism.jpg]
[www.traff-industries.de/pages/material.html]
[www.traff-industries.de/docs/manual.ps]
[www.traff-industries.de/pages/pad.html]
[www.traff-industries.de/docs/disputats.pdf]
[www.traff-industries.de/docs/sammenfatning.pdf]
[www.traff-industries.de/pages/disputats.html]
[www.traff-industries.de/pictures/marath.jpg]
[www.traff-industries.de/pictures/trmarat.jpg]
[www.traff-industries.de/pictures/saarhm99.jpg]
[www.traff-industries.de/pictures/essen1.jpg]
[www.traff-industries.de/pictures/essen2.jpg]
[www.traff-industries.de/pages/marathon.html]
[www.traff-industries.de/docs/disputats.pdf]
[www.traff-industries.de/pictures/essen1.jpg]
